
> eduzen@1.0.1 build
> NODE_OPTIONS='--max-old-space-size=8192' next build

▲ Next.js 16.1.1 (Turbopack)
- Environments: .env.local, .env.production

⚠ The "middleware" file convention is deprecated. Please use "proxy" instead. Learn more: https://nextjs.org/docs/messages/middleware-to-proxy
  Creating an optimized production build ...
✓ Compiled successfully in 29.8s
  Running TypeScript ...
